[websitedemos.net/construction-02/index.html]
[backblue.gif]
[fade.gif]
[index.html]
[websitedemos.net/construction-02/wp-content/uploads/sites/35/elementor/thumbs/about-img-1-otm2ulon9vpktalb50wknvjn0raina7till6ajoxsw.jpg]
[websitedemos.net/construction-02/wp-content/themes/astra/assets/css/minified/frontend.minf3df.css]
[websitedemos.net/construction-02/wp-content/themes/astra/assets/fonts/astra.woff]
[websitedemos.net/construction-02/wp-includes/css/dist/block-library/style.minf658.css]
[websitedemos.net/construction-02/feed/index.html]
[websitedemos.net/construction-02/comments/feed/index.html]
[websitedemos.net/construction-02/wp-content/plugins/elementor/assets/lib/eicons/css/elementor-icons.minb683.css]
[websitedemos.net/construction-02/wp-content/plugins/elementor/assets/css/frontend-legacy.minccfb.css]
[websitedemos.net/construction-02/home/feed/index.html]
[websitedemos.net/construction-02/wp-content/plugins/elementor/assets/css/frontend.minccfb.css]
[websitedemos.net/construction-02/wp-content/uploads/sites/35/elementor/css/post-11825db4.css]
[websitedemos.net/construction-02/wp-content/plugins/elementor/assets/lib/font-awesome/css/all.minccfb.css]
[websitedemos.net/construction-02/wp-content/plugins/elementor/assets/lib/font-awesome/css/v4-shims.minccfb.css]
[websitedemos.net/construction-02/wp-content/plugins/elementor/assets/lib/eicons/fonts/eicons0b93.eot]
[websitedemos.net/construction-02/wp-content/uploads/sites/35/elementor/css/post-25db4.css]
[websitedemos.net/construction-02/wp-content/plugins/elementor/assets/lib/font-awesome/css/fontawesome.min52d5.css]
[websitedemos.net/construction-02/wp-content/plugins/elementor/assets/lib/font-awesome/css/solid.min52d5.css]
[websitedemos.net/construction-02/wp-content/plugins/elementor/assets/lib/font-awesome/css/regular.min52d5.css]
[websitedemos.net/construction-02/wp-content/plugins/elementor/assets/lib/font-awesome/css/brands.min52d5.css]
[websitedemos.net/construction-02/wp-content/plugins/elementor/assets/lib/font-awesome/js/v4-shims.minccfb.js]
[websitedemos.net/construction-02/wp-json/index.html]
[websitedemos.net/construction-02/wp-json/wp/v2/pages/2.json]
[websitedemos.net/construction-02/xmlrpc0db0.php]
[websitedemos.net/construction-02/wp-includes/wlwmanifest.xml]
[websitedemos.net/construction-02/wp-json/oembed/1.0/embed27ea.json]
[websitedemos.net/construction-02/wp-json/oembed/1.0/embede302]
[websitedemos.net/construction-02/wp-content/uploads/sites/35/2017/07/construction-favicon01-free-img.png]
[websitedemos.net/construction-02/wp-content/uploads/sites/35/2020/06/construction-company-logo-light-text.png]
[websitedemos.net/construction-02/wp-content/uploads/sites/35/elementor/thumbs/specialization-img-1-otm2ummhgpqv4wjxzjb78db3m55vuzbjuq8nrtnjmo.jpg]
[websitedemos.net/construction-02/wp-content/uploads/sites/35/2021/03/testimonial-image-1.jpg]
[websitedemos.net/construction-02/about/index.html]
[websitedemos.net/construction-02/services/index.html]
[websitedemos.net/construction-02/wp-content/uploads/sites/35/2020/08/testimonials-1-1.jpg]
[websitedemos.net/construction-02/projects/index.html]
[websitedemos.net/construction-02/contact-us/index.html]
[websitedemos.net/construction-02/wp-content/uploads/sites/35/2021/03/testimonial-image.jpg]
[websitedemos.net/construction-02/wp-content/uploads/sites/35/2021/03/team-img.jpg]
[websitedemos.net/construction-02/wp-content/uploads/sites/35/2020/08/team-2-1.jpg]
[websitedemos.net/construction-02/wp-content/uploads/sites/35/2020/08/team-3-1.jpg]
[websitedemos.net/construction-02/wp-content/plugins/elementor/assets/lib/animations/animations.minccfb.css]
[websitedemos.net/cdn-cgi/scripts/5c5dd728/cloudflare-static/email-decode.min.js]
[websitedemos.net/construction-02/wp-content/themes/astra/assets/js/minified/frontend.minf3df.js]
[websitedemos.net/construction-02/wp-includes/js/wp-embed.minf658.js]
[websitedemos.net/construction-02/wp-includes/js/jquery/jquery.minaf6c.js]
[websitedemos.net/construction-02/wp-includes/js/jquery/jquery-migrate.mind617.js]
[websitedemos.net/construction-02/wp-content/plugins/elementor/assets/lib/jquery-numerator/jquery-numerator.min3958.js]
[websitedemos.net/construction-02/wp-content/plugins/elementor/assets/js/webpack.runtime.minccfb.js]
[websitedemos.net/construction-02/wp-content/plugins/elementor/assets/js/frontend-modules.minccfb.js]
[websitedemos.net/construction-02/wp-content/plugins/elementor/assets/lib/waypoints/waypoints.min05da.js]
[websitedemos.net/construction-02/wp-includes/js/jquery/ui/core.min35d0.js]
[websitedemos.net/construction-02/wp-content/plugins/elementor/assets/lib/swiper/swiper.min48f5.js]
[websitedemos.net/construction-02/wp-content/plugins/elementor/assets/lib/share-link/share-link.minccfb.js]
[websitedemos.net/construction-02/wp-content/plugins/elementor/assets/lib/dialog/dialog.mina288.js]
[websitedemos.net/construction-02/wp-content/plugins/elementor/assets/js/frontend.minccfb.js]
[websitedemos.net/construction-02/wp-content/plugins/elementor/assets/js/preloaded-modules.minccfb.js]
[websitedemos.net/construction-02/wp-includes/js/underscore.min0028.js]
[websitedemos.net/construction-02/wp-includes/js/wp-util.minf658.js]
[websitedemos.net/construction-02/wp-content/plugins/wpforms-lite/assets/js/integrations/elementor/frontend.minedf0.js]
[websitedemos.net/construction-02/index.html]
[websitedemos.net/construction-02/wp-content/themes/astra/assets/css/minified/frontend.minf3df.css]
[websitedemos.net/construction-02/wp-includes/css/dist/block-library/style.minf658.css]
[static.cloudflareinsights.com/beacon.min.js]
[websitedemos.net/construction-02/wp-content/plugins/elementor/assets/lib/eicons/fonts/eicons02d6.eot]
[websitedemos.net/construction-02/wp-content/plugins/elementor/assets/lib/eicons/fonts/eicons02d6.woff2]
[websitedemos.net/construction-02/wp-content/plugins/elementor/assets/lib/eicons/fonts/eicons02d6.woff]
[websitedemos.net/construction-02/wp-content/plugins/elementor/assets/lib/eicons/fonts/eicons02d6.ttf]
[websitedemos.net/construction-02/wp-content/plugins/elementor/assets/lib/eicons/css/elementor-icons.minb683.css]
[websitedemos.net/construction-02/wp-content/plugins/elementor/assets/css/frontend-legacy.minccfb.css]
[websitedemos.net/construction-02/wp-content/plugins/elementor/assets/css/frontend.minccfb.css]
[websitedemos.net/construction-02/wp-content/uploads/sites/35/elementor/css/post-11825db4.css]
[websitedemos.net/construction-02/wp-content/plugins/elementor/assets/lib/eicons/fonts/eicons02d6.svg]
[websitedemos.net/construction-02/wp-content/plugins/elementor/assets/lib/font-awesome/webfonts/fa-brands-400.eot]
[websitedemos.net/construction-02/wp-content/plugins/elementor/assets/lib/font-awesome/webfonts/fa-brands-400.woff2]
[websitedemos.net/construction-02/wp-content/plugins/elementor/assets/lib/font-awesome/webfonts/fa-brands-400d41d.eot]
[websitedemos.net/construction-02/wp-content/plugins/elementor/assets/lib/font-awesome/webfonts/fa-brands-400.woff]
[websitedemos.net/construction-02/wp-content/plugins/elementor/assets/lib/font-awesome/webfonts/fa-brands-400.ttf]
[websitedemos.net/construction-02/wp-content/plugins/elementor/assets/lib/font-awesome/webfonts/fa-brands-400.svg]
[websitedemos.net/construction-02/wp-content/plugins/elementor/assets/lib/font-awesome/webfonts/fa-regular-400.eot]
[websitedemos.net/construction-02/wp-content/plugins/elementor/assets/lib/font-awesome/webfonts/fa-regular-400d41d.eot]
[websitedemos.net/construction-02/wp-content/plugins/elementor/assets/lib/font-awesome/webfonts/fa-regular-400.woff2]
[websitedemos.net/construction-02/wp-content/plugins/elementor/assets/lib/font-awesome/webfonts/fa-regular-400.woff]
[websitedemos.net/construction-02/wp-content/plugins/elementor/assets/lib/font-awesome/webfonts/fa-regular-400.ttf]
[websitedemos.net/construction-02/wp-content/plugins/elementor/assets/lib/font-awesome/webfonts/fa-regular-400.svg]
[websitedemos.net/construction-02/wp-content/plugins/elementor/assets/lib/font-awesome/webfonts/fa-solid-900.eot]
[websitedemos.net/construction-02/wp-content/plugins/elementor/assets/lib/font-awesome/webfonts/fa-solid-900.woff2]
[websitedemos.net/construction-02/wp-content/plugins/elementor/assets/lib/font-awesome/webfonts/fa-solid-900d41d.eot]
[websitedemos.net/construction-02/wp-content/plugins/elementor/assets/lib/font-awesome/webfonts/fa-solid-900.woff]
[websitedemos.net/construction-02/wp-content/plugins/elementor/assets/lib/font-awesome/webfonts/fa-solid-900.ttf]
[websitedemos.net/construction-02/wp-content/plugins/elementor/assets/lib/font-awesome/css/all.minccfb.css]
[websitedemos.net/construction-02/wp-content/plugins/elementor/assets/lib/font-awesome/css/v4-shims.minccfb.css]
[websitedemos.net/construction-02/wp-content/uploads/sites/35/2020/08/home-bg-1.jpg]
[websitedemos.net/construction-02/wp-content/uploads/sites/35/elementor/css/post-25db4.css]
[websitedemos.net/construction-02/wp-content/plugins/elementor/assets/lib/font-awesome/css/fontawesome.min52d5.css]
[websitedemos.net/construction-02/wp-content/plugins/elementor/assets/lib/font-awesome/css/solid.min52d5.css]
[websitedemos.net/construction-02/wp-content/plugins/elementor/assets/lib/font-awesome/css/regular.min52d5.css]
[websitedemos.net/construction-02/wp-content/plugins/elementor/assets/lib/font-awesome/css/brands.min52d5.css]
[www.googletagmanager.com/gtm5445.html]
[websitedemos.net/construction-02/xmlrpc.php]
[websitedemos.net/construction-02/wp-content/uploads/sites/35/elementor/thumbs/our-story-img-1-otm2ut7csjzve6adx45l7tnbru9gcv1o7mt24rdsf4.jpg]
[websitedemos.net/construction-02/wp-content/uploads/sites/35/elementor/css/post-713881.css]
[websitedemos.net/construction-02/wp-content/plugins/elementor/assets/lib/font-awesome/webfonts/fa-solid-900.svg]
[websitedemos.net/construction-02/wp-json/wp/v2/pages/71.json]
[websitedemos.net/construction-02/wp-json/oembed/1.0/embed2f78.json]
[websitedemos.net/construction-02/wp-json/oembed/1.0/embed94db]
[websitedemos.net/construction-02/wp-content/uploads/sites/35/2020/08/requirements.jpg]
[websitedemos.net/construction-02/wp-content/uploads/sites/35/2021/03/worker.jpg]
[websitedemos.net/construction-02/wp-content/uploads/sites/35/2020/08/building.jpg]
[websitedemos.net/construction-02/about/index.html]
[websitedemos.net/construction-02/wp-content/uploads/sites/35/2020/08/construction-social-img.jpg]
[websitedemos.net/construction-02/wp-content/uploads/sites/35/elementor/css/post-726497.css]
[websitedemos.net/construction-02/wp-json/wp/v2/pages/72.json]
[websitedemos.net/construction-02/wp-json/oembed/1.0/embeddaba.json]
[websitedemos.net/construction-02/services/index.html]
[websitedemos.net/construction-02/wp-json/oembed/1.0/embedb6b7]
[websitedemos.net/construction-02/wp-content/uploads/sites/35/2020/08/project-3-1.jpg]
[websitedemos.net/construction-02/wp-content/uploads/sites/35/elementor/css/post-7451ad.css]
[websitedemos.net/construction-02/wp-json/wp/v2/pages/74.json]
[websitedemos.net/construction-02/wp-json/oembed/1.0/embed94cf.json]
[websitedemos.net/construction-02/wp-json/oembed/1.0/embed9662]
[websitedemos.net/construction-02/wp-content/uploads/sites/35/2021/03/testimonial-image-150x150.jpg]
[websitedemos.net/construction-02/wp-content/uploads/sites/35/2020/08/project-4-1.jpg]
[websitedemos.net/construction-02/wp-content/uploads/sites/35/2020/08/team-3-1-150x150.jpg]
[websitedemos.net/construction-02/wp-content/uploads/sites/35/2020/08/project-5-1.jpg]
[websitedemos.net/construction-02/wp-content/uploads/sites/35/2020/08/testimonials-1-1-150x150.jpg]
[websitedemos.net/construction-02/projects/index.html]
[websitedemos.net/construction-02/wp-content/plugins/wpforms-lite/assets/css/wpforms-base.minedf0.css]
[websitedemos.net/construction-02/wp-content/uploads/sites/35/elementor/css/post-73d6b8.css]
[websitedemos.net/construction-02/wp-json/wp/v2/pages/73.json]
[websitedemos.net/construction-02/wp-json/oembed/1.0/embedabfb.json]
[websitedemos.net/construction-02/wp-json/oembed/1.0/embed5541]
[websitedemos.net/construction-02/wp-content/plugins/wpforms-lite/assets/js/jquery.validate.minb3a6.js]
[websitedemos.net/construction-02/wp-content/plugins/wpforms-lite/assets/js/mailcheck.mincfa9.js]
[websitedemos.net/construction-02/contact-us/index.html]
[websitedemos.net/construction-02/wp-content/plugins/elementor/assets/lib/animations/animations.minccfb.css]
[websitedemos.net/construction-02/wp-content/plugins/elementor/assets/lib/eicons/fonts/eicons02d6.svg]
[websitedemos.net/construction-02/wp-content/plugins/elementor/assets/lib/font-awesome/webfonts/fa-brands-400.svg]
[websitedemos.net/construction-02/wp-content/plugins/elementor/assets/lib/font-awesome/webfonts/fa-regular-400.svg]
[websitedemos.net/construction-02/wp-content/plugins/wpforms-lite/assets/js/wpformsedf0.js]
[websitedemos.net/construction-02/wp-content/plugins/elementor/assets/lib/font-awesome/webfonts/fa-solid-900.svg]
[websitedemos.net/construction-02/wp-content/uploads/sites/35/2021/03/modern-design.jpg]
[websitedemos.net/construction-02/wp-content/uploads/sites/35/elementor/css/post-713881.css]
[websitedemos.net/construction-02/index6cf3.html]
[websitedemos.net/construction-02/wp-content/uploads/sites/35/2021/03/glass-building.jpg]
[websitedemos.net/construction-02/wp-content/uploads/sites/35/elementor/css/post-726497.css]
[websitedemos.net/construction-02/indexae74.html]
[websitedemos.net/construction-02/wp-content/uploads/sites/35/2021/03/building.jpg]
[websitedemos.net/construction-02/wp-content/uploads/sites/35/elementor/css/post-7451ad.css]
[websitedemos.net/construction-02/index49a5.html]
[websitedemos.net/construction-02/wp-content/plugins/wpforms-lite/assets/css/wpforms-base.minedf0.css]
[websitedemos.net/construction-02/wp-content/plugins/wpforms-lite/assets/images/times-solid-white.svg]
[websitedemos.net/construction-02/wp-content/uploads/sites/35/2020/08/contact-us-bg-1.jpg]
[websitedemos.net/construction-02/wp-content/uploads/sites/35/elementor/css/post-73d6b8.css]
[websitedemos.net/construction-02/index8cae.html]
[websitedemos.net/construction-02/wp-content/plugins/wpforms-lite/assets/images/times-solid-white.svg]
